// Jest Snapshot v1, https://goo.gl/fbAQLP

exports[`The resultBar renders 0 if we don't pass a display value 1`] = `
<div
  className="resultBar"
  data-testid="calculation-result"
>
  0
</div>
`;

exports[`The resultBar renders the value passed 1`] = `
<div
  className="resultBar"
  data-testid="calculation-result"
>
  5
</div>
`;

exports[`The resultBar renders the value passed 2`] = `
<div
  className="resultBar"
  data-testid="calculation-result"
>
  9
</div>
`;
